<html>
<body>
<pre>
<h1>µVision Build Log</h1>
<h2>Tool Versions:</h2>
IDE-Version: ¦ÌVision V5.20.0.0
Copyright (C) 2016 ARM Ltd and ARM Germany GmbH. All rights reserved.
License Information: a Microsoft, Microsoft, LIC=ZB401-C8PGE-RXVUD-8FIZS-0NQ0V-DDA15
 
Tool Versions:
Toolchain:       MDK-ARM Plus  Version: 5.20
Toolchain Path:  e:\Keil_v5\ARM\ARMCC\Bin
C Compiler:      Armcc.exe V5.06 update 2 (build 183)
Assembler:       Armasm.exe V5.06 update 2 (build 183)
Linker/Locator:  ArmLink.exe V5.06 update 2 (build 183)
Library Manager: ArmAr.exe V5.06 update 2 (build 183)
Hex Converter:   FromElf.exe V5.06 update 2 (build 183)
CPU DLL:         SARMCM3.DLL V5.20
Dialog DLL:      DCM.DLL V1.13.7.0
Target DLL:      Segger\JL2CM3.dll V2.99.20.0
Dialog DLL:      TCM.DLL V1.14.9.0
 
<h2>Project:</h2>
C:\Users\user\Desktop\AS01-SPIPX\Demo³ÌÐò\Project_Rf24l01\Project_Rf24L01_Mdk.uvprojx
Project File Date:  10/19/2016

<h2>Output:</h2>
*** Using Compiler 'V5.06 update 2 (build 183)', folder: 'e:\Keil_v5\ARM\ARMCC\Bin'
Build target 'RF24L01'
compiling main.c...
compiling drv_spi.c...
compiling drv_RF24L01.c...
compiling drv_uart.c...
compiling drv_button.c...
assembling startup_stm32f10x_hd.s...
compiling drv_delay.c...
compiling drv_led.c...
compiling system_stm32f10x.c...
compiling core_cm3.c...
compiling stm32f10x_gpio.c...
compiling stm32f10x_iwdg.c...
compiling stm32f10x_rcc.c...
compiling stm32f10x_usart.c...
compiling stm32f10x_spi.c...
compiling stm32f10x_tim.c...
linking...
Program Size: Code=4324 RO-data=376 RW-data=32 ZI-data=744  
"..\output\Project_Rf24L01_Mdk.axf" - 0 Error(s), 0 Warning(s).

<h2>Collection of Component include folders:</h2>
  C:\Users\user\Desktop\AS01-SPIPX\Demo³ÌÐò\Project_Rf24l01\RTE
  e:\Keil_v5\ARM\PACK\Keil\STM32F1xx_DFP\1.1.0\Device\Include

<h2>Collection of Component Files used:</h2>
Build Time Elapsed:  00:00:28
</pre>
</body>
</html>
